input required: <data_size, max_value, seq_threshold, seed>