1 -- Working
1
1 -- Working Blah Blah
The result is: Testing -- Working
Array result tested
Nothing!