Fragmented: 9
Remaining: 8
Remaining: 7
Remaining: 6
Remaining: 5
Remaining: 4
Remaining: 3
Remaining: 2
Remaining: 1
Done!
