Bar
Baz
Good
Good
Works for depth 1
Works for depth 2
Works for 1, 2 and 3. According to engineers induction it works for arbitrary depth
