Boardsize = 12, number of solutions should be 14200
Found 14200 solutions
Program succesfully completed!
