-- new_with_default --
[x, x, x, x, x, x, x, x, x, x]
-- new_with_generator --
[0, 12, 24, 36, 48, 60, 72, 84, 96, 108]
-- filter --
[3, 4]
-- count --
2
-- map --
[1, 2, 3, 4, 5]
-- contains --
true
false
-- contains_str --
true
false
-- clone --
[0, 1, 2, 3, 4]
-- nclone --
true
[0, 1, 2]