12
-200
a
1.7977e+308
1.234
-1.7977e+308
true
false
()
