runIteration
numWorkers: 100
Master working
Result area is 55725503832966.390625
