N: 1000
W: 100
APR: 100
AHR: 100
debug: false
Done
