Concatenate passed
Copy passed
Contains passed
Contains ignore case passed
Compare passed
Compare ignore case passed
To upper passed
To lower passed
Length passed
Join passed
Format passed
Substring passed
Equals passed
Occurrences passed
Split passed
Trim passed
Replace passed
Find passed
Find from passed
Delete passed
Format passed
Char at passed
To array passed
From array passed
From char passed
String from int passed
To int passed
================
All tests passed
================
