PASS: test1 -- 1111
PASS: test2 -- 2222
PASS: test3 -- 3333
PASS: test4 -- 4444
