trycatch_other:true, throw_other:true, succeed_other:true, trycatch_otherfut:true, throw_otherfut:true
