testAggregate()
2
testAggregateObject()
0123456789ab
