Testing Values:
true
false
false
Testing Futures:
true
false
