Testing Values:
true
true
false
Testing Futures:
true
true
