Running distinct on values
Results: 23
Results: 1
Results: 0
Results: 42
Running distinct on futures and futures to par
Results: 23
Results: 2
Results: 3
Results: 12
Results: 42
Running distinct on objects
Results: Amazing
Results: Sounds