testBindAndFilter()
QUICK
Quick
PRODUCER
producer
