Terry:
Boots
Barley
Charlotte:
Whiskers
Magnus:
Daisy
