Running intersection on values
Results: 1
Results: 42
Running intersection on futures and futures to par
Results: 23
Running intersection on objects
Results: Life
