Liftv Primitive Test: OK
Liftv Passive Test: OK
Lift Function To ParT: OK
