Testing Values:
Just 99
Nothing
Testing Futures:
Just 999
