Testing Values:
Just 0
Nothing
Testing Futures:
Just -1