Result million values: 499999500000
Result million futures: 499999500000
