Results: 3
Results: 2
Results: 42
Results: 23
Results: 12
