3
0
1
2
3
4
5
one
two
three
four
five
six
0
1
2
3
4
5
6
7
8
9
foo
bar
