Assertion failed at "assertFalse.enc" (line 4, column 5):
Kingfisher
