Assertion failed at "assertTrue.enc" (line 4, column 5):
Kingfisher
