false
false
true
false
true
--------------
1
3
7
9
12
--------------
12
--------------
1
2
3
4
5
6
7
8
9
10
--------------
1
3
--------------
100
70
40
10
--------------
Foo
Foo
