foobar
12123
yes
no
120
correct
0
2
4
6
8
correct
Just 3
