catchall
32
just z
just just z
Nothing
Just(z)
32
