Hello, Ponyworld!
Hello, Ponyworld!
Hello, Ponyworld!
