seq_comb 33
seq_comb 34
future executed: 34
seq_comb 35
seq_comb 36
seq_comb 35
seq_comb 36
34
