Hello type inference in active class
Hello type inference in passive class
Works
Works
Works
Works
