Pi is something like 3.141593
Ints can be promoted to reals: 42.000000
