You have finally reached closure!
You have finally reached closure!
