ParFunctor: 42
MaybeSomething: 41, 42
WrapperFunction: 20
