Test creation of 'Just a' inside parametric function
Test create parametric Nothing and can be re-assigned
Append this text
